// Vitest Snapshot v1, https://vitest.dev/guide/snapshot.html

exports[`<Legend /> > content as a function > should pass parameters to the function 1`] = `
{
  "align": "center",
  "chartHeight": 300,
  "chartWidth": 600,
  "content": [Function],
  "iconSize": 14,
  "layout": "horizontal",
  "margin": {
    "bottom": 5,
    "left": 20,
    "right": 30,
    "top": 5,
  },
  "onBBoxUpdate": [Function],
  "payload": [],
  "verticalAlign": "bottom",
  "width": 550,
}
`;

exports[`<Legend /> > content as a function > should pass parameters to the function 2`] = `
{
  "align": "center",
  "chartHeight": 300,
  "chartWidth": 600,
  "content": [Function],
  "iconSize": 14,
  "layout": "horizontal",
  "margin": {
    "bottom": 5,
    "left": 20,
    "right": 30,
    "top": 5,
  },
  "onBBoxUpdate": [Function],
  "payload": [
    {
      "color": "#8884d8",
      "dataKey": "pv",
      "inactive": false,
      "payload": {
        "activeDot": {
          "r": 8,
        },
        "animateNewValues": true,
        "animationBegin": 0,
        "animationDuration": 1500,
        "animationEasing": "ease",
        "animationId": 0,
        "bottom": 5,
        "brushBottom": 5,
        "connectNulls": false,
        "dataKey": "pv",
        "dot": true,
        "fill": "#fff",
        "height": 290,
        "hide": false,
        "isAnimationActive": true,
        "label": false,
        "layout": "horizontal",
        "left": 20,
        "legendType": "line",
        "points": [
          {
            "payload": {
              "color": "#ff7300",
              "value": "Apple",
            },
            "value": undefined,
            "x": 20,
            "y": null,
          },
          {
            "payload": {
              "color": "#bb7300",
              "value": "Samsung",
            },
            "value": undefined,
            "x": 203.33333333333334,
            "y": null,
          },
          {
            "payload": {
              "color": "#887300",
              "value": "Huawei",
            },
            "value": undefined,
            "x": 386.6666666666667,
            "y": null,
          },
          {
            "payload": {
              "color": "#667300",
              "value": "Sony",
            },
            "value": undefined,
            "x": 570,
            "y": null,
          },
        ],
        "right": 30,
        "stroke": "#8884d8",
        "strokeDasharray": "5 5",
        "strokeWidth": 1,
        "top": 5,
        "type": "monotone",
        "width": 550,
        "xAxis": {
          "allowDataOverflow": false,
          "allowDecimals": true,
          "allowDuplicatedCategory": true,
          "axisType": "xAxis",
          "bandSize": 0,
          "domain": [
            0,
            1,
            2,
            3,
          ],
          "height": 30,
          "hide": true,
          "isCategorical": true,
          "layout": "horizontal",
          "mirror": false,
          "orientation": "bottom",
          "originalDomain": [
            0,
            "auto",
          ],
          "padding": {
            "left": 0,
            "right": 0,
          },
          "realScaleType": "point",
          "reversed": false,
          "scale": [Function],
          "tickCount": 5,
          "type": "category",
          "width": 550,
          "x": 20,
          "xAxisId": 0,
          "y": 295,
        },
        "xAxisId": 0,
        "yAxis": {
          "allowDataOverflow": false,
          "allowDecimals": true,
          "allowDuplicatedCategory": true,
          "axisType": "yAxis",
          "bandSize": 0,
          "domain": [
            0,
            -Infinity,
          ],
          "height": 290,
          "hide": true,
          "isCategorical": false,
          "layout": "horizontal",
          "mirror": false,
          "niceTicks": [
            0,
            -Infinity,
            -Infinity,
            -Infinity,
            -Infinity,
          ],
          "orientation": "left",
          "originalDomain": [
            0,
            "auto",
          ],
          "padding": {
            "bottom": 0,
            "top": 0,
          },
          "realScaleType": "linear",
          "reversed": false,
          "scale": [Function],
          "tickCount": 5,
          "type": "number",
          "width": 60,
          "x": -40,
          "y": 5,
          "yAxisId": 0,
        },
        "yAxisId": 0,
      },
      "type": "line",
      "value": "pv",
    },
    {
      "color": "#82ca9d",
      "dataKey": "uv",
      "inactive": false,
      "payload": {
        "activeDot": true,
        "animateNewValues": true,
        "animationBegin": 0,
        "animationDuration": 1500,
        "animationEasing": "ease",
        "animationId": 0,
        "bottom": 5,
        "brushBottom": 5,
        "connectNulls": false,
        "dataKey": "uv",
        "dot": true,
        "fill": "#fff",
        "height": 290,
        "hide": false,
        "isAnimationActive": true,
        "label": false,
        "layout": "horizontal",
        "left": 20,
        "legendType": "line",
        "points": [
          {
            "payload": {
              "color": "#ff7300",
              "value": "Apple",
            },
            "value": undefined,
            "x": 20,
            "y": null,
          },
          {
            "payload": {
              "color": "#bb7300",
              "value": "Samsung",
            },
            "value": undefined,
            "x": 203.33333333333334,
            "y": null,
          },
          {
            "payload": {
              "color": "#887300",
              "value": "Huawei",
            },
            "value": undefined,
            "x": 386.6666666666667,
            "y": null,
          },
          {
            "payload": {
              "color": "#667300",
              "value": "Sony",
            },
            "value": undefined,
            "x": 570,
            "y": null,
          },
        ],
        "right": 30,
        "stroke": "#82ca9d",
        "strokeWidth": 1,
        "top": 5,
        "type": "monotone",
        "width": 550,
        "xAxis": {
          "allowDataOverflow": false,
          "allowDecimals": true,
          "allowDuplicatedCategory": true,
          "axisType": "xAxis",
          "bandSize": 0,
          "domain": [
            0,
            1,
            2,
            3,
          ],
          "height": 30,
          "hide": true,
          "isCategorical": true,
          "layout": "horizontal",
          "mirror": false,
          "orientation": "bottom",
          "originalDomain": [
            0,
            "auto",
          ],
          "padding": {
            "left": 0,
            "right": 0,
          },
          "realScaleType": "point",
          "reversed": false,
          "scale": [Function],
          "tickCount": 5,
          "type": "category",
          "width": 550,
          "x": 20,
          "xAxisId": 0,
          "y": 295,
        },
        "xAxisId": 0,
        "yAxis": {
          "allowDataOverflow": false,
          "allowDecimals": true,
          "allowDuplicatedCategory": true,
          "axisType": "yAxis",
          "bandSize": 0,
          "domain": [
            0,
            -Infinity,
          ],
          "height": 290,
          "hide": true,
          "isCategorical": false,
          "layout": "horizontal",
          "mirror": false,
          "niceTicks": [
            0,
            -Infinity,
            -Infinity,
            -Infinity,
            -Infinity,
          ],
          "orientation": "left",
          "originalDomain": [
            0,
            "auto",
          ],
          "padding": {
            "bottom": 0,
            "top": 0,
          },
          "realScaleType": "linear",
          "reversed": false,
          "scale": [Function],
          "tickCount": 5,
          "type": "number",
          "width": 60,
          "x": -40,
          "y": 5,
          "yAxisId": 0,
        },
        "yAxisId": 0,
      },
      "type": "line",
      "value": "uv",
    },
  ],
  "verticalAlign": "bottom",
  "width": 550,
}
`;

exports[`<Legend /> > content as a function > should pass parameters to the function 3`] = `
{
  "align": "center",
  "chartHeight": 300,
  "chartWidth": 600,
  "content": [Function],
  "iconSize": 14,
  "layout": "horizontal",
  "margin": {
    "bottom": 5,
    "left": 20,
    "right": 30,
    "top": 5,
  },
  "onBBoxUpdate": [Function],
  "payload": [
    {
      "color": "#8884d8",
      "dataKey": "pv",
      "inactive": false,
      "payload": {
        "activeDot": {
          "r": 8,
        },
        "animateNewValues": true,
        "animationBegin": 0,
        "animationDuration": 1500,
        "animationEasing": "ease",
        "animationId": 0,
        "bottom": 5,
        "brushBottom": 5,
        "connectNulls": false,
        "dataKey": "pv",
        "dot": true,
        "fill": "#fff",
        "height": 290,
        "hide": false,
        "isAnimationActive": true,
        "label": false,
        "layout": "horizontal",
        "left": 20,
        "legendType": "line",
        "points": [
          {
            "payload": {
              "color": "#ff7300",
              "value": "Apple",
            },
            "value": undefined,
            "x": 20,
            "y": null,
          },
          {
            "payload": {
              "color": "#bb7300",
              "value": "Samsung",
            },
            "value": undefined,
            "x": 203.33333333333334,
            "y": null,
          },
          {
            "payload": {
              "color": "#887300",
              "value": "Huawei",
            },
            "value": undefined,
            "x": 386.6666666666667,
            "y": null,
          },
          {
            "payload": {
              "color": "#667300",
              "value": "Sony",
            },
            "value": undefined,
            "x": 570,
            "y": null,
          },
        ],
        "right": 30,
        "stroke": "#8884d8",
        "strokeDasharray": "5 5",
        "strokeWidth": 1,
        "top": 5,
        "type": "monotone",
        "width": 550,
        "xAxis": {
          "allowDataOverflow": false,
          "allowDecimals": true,
          "allowDuplicatedCategory": true,
          "axisType": "xAxis",
          "bandSize": 0,
          "domain": [
            0,
            1,
            2,
            3,
          ],
          "height": 30,
          "hide": true,
          "isCategorical": true,
          "layout": "horizontal",
          "mirror": false,
          "orientation": "bottom",
          "originalDomain": [
            0,
            "auto",
          ],
          "padding": {
            "left": 0,
            "right": 0,
          },
          "realScaleType": "point",
          "reversed": false,
          "scale": [Function],
          "tickCount": 5,
          "type": "category",
          "width": 550,
          "x": 20,
          "xAxisId": 0,
          "y": 295,
        },
        "xAxisId": 0,
        "yAxis": {
          "allowDataOverflow": false,
          "allowDecimals": true,
          "allowDuplicatedCategory": true,
          "axisType": "yAxis",
          "bandSize": 0,
          "domain": [
            0,
            -Infinity,
          ],
          "height": 290,
          "hide": true,
          "isCategorical": false,
          "layout": "horizontal",
          "mirror": false,
          "niceTicks": [
            0,
            -Infinity,
            -Infinity,
            -Infinity,
            -Infinity,
          ],
          "orientation": "left",
          "originalDomain": [
            0,
            "auto",
          ],
          "padding": {
            "bottom": 0,
            "top": 0,
          },
          "realScaleType": "linear",
          "reversed": false,
          "scale": [Function],
          "tickCount": 5,
          "type": "number",
          "width": 60,
          "x": -40,
          "y": 5,
          "yAxisId": 0,
        },
        "yAxisId": 0,
      },
      "type": "line",
      "value": "pv",
    },
    {
      "color": "#82ca9d",
      "dataKey": "uv",
      "inactive": false,
      "payload": {
        "activeDot": true,
        "animateNewValues": true,
        "animationBegin": 0,
        "animationDuration": 1500,
        "animationEasing": "ease",
        "animationId": 0,
        "bottom": 5,
        "brushBottom": 5,
        "connectNulls": false,
        "dataKey": "uv",
        "dot": true,
        "fill": "#fff",
        "height": 290,
        "hide": false,
        "isAnimationActive": true,
        "label": false,
        "layout": "horizontal",
        "left": 20,
        "legendType": "line",
        "points": [
          {
            "payload": {
              "color": "#ff7300",
              "value": "Apple",
            },
            "value": undefined,
            "x": 20,
            "y": null,
          },
          {
            "payload": {
              "color": "#bb7300",
              "value": "Samsung",
            },
            "value": undefined,
            "x": 203.33333333333334,
            "y": null,
          },
          {
            "payload": {
              "color": "#887300",
              "value": "Huawei",
            },
            "value": undefined,
            "x": 386.6666666666667,
            "y": null,
          },
          {
            "payload": {
              "color": "#667300",
              "value": "Sony",
            },
            "value": undefined,
            "x": 570,
            "y": null,
          },
        ],
        "right": 30,
        "stroke": "#82ca9d",
        "strokeWidth": 1,
        "top": 5,
        "type": "monotone",
        "width": 550,
        "xAxis": {
          "allowDataOverflow": false,
          "allowDecimals": true,
          "allowDuplicatedCategory": true,
          "axisType": "xAxis",
          "bandSize": 0,
          "domain": [
            0,
            1,
            2,
            3,
          ],
          "height": 30,
          "hide": true,
          "isCategorical": true,
          "layout": "horizontal",
          "mirror": false,
          "orientation": "bottom",
          "originalDomain": [
            0,
            "auto",
          ],
          "padding": {
            "left": 0,
            "right": 0,
          },
          "realScaleType": "point",
          "reversed": false,
          "scale": [Function],
          "tickCount": 5,
          "type": "category",
          "width": 550,
          "x": 20,
          "xAxisId": 0,
          "y": 295,
        },
        "xAxisId": 0,
        "yAxis": {
          "allowDataOverflow": false,
          "allowDecimals": true,
          "allowDuplicatedCategory": true,
          "axisType": "yAxis",
          "bandSize": 0,
          "domain": [
            0,
            -Infinity,
          ],
          "height": 290,
          "hide": true,
          "isCategorical": false,
          "layout": "horizontal",
          "mirror": false,
          "niceTicks": [
            0,
            -Infinity,
            -Infinity,
            -Infinity,
            -Infinity,
          ],
          "orientation": "left",
          "originalDomain": [
            0,
            "auto",
          ],
          "padding": {
            "bottom": 0,
            "top": 0,
          },
          "realScaleType": "linear",
          "reversed": false,
          "scale": [Function],
          "tickCount": 5,
          "type": "number",
          "width": 60,
          "x": -40,
          "y": 5,
          "yAxisId": 0,
        },
        "yAxisId": 0,
      },
      "type": "line",
      "value": "uv",
    },
  ],
  "verticalAlign": "bottom",
  "width": 550,
}
`;
